[     167ms] [ERROR] Failed to load resource: the server responded with a status of 404 (Not Found) @ https://cms.gctp.in/plugins/plotly.js:0
[    1610ms] [ERROR] Failed to find a valid digest in the 'integrity' attribute for resource 'https://cms.gctp.in/plot.min.js' with computed SHA-384 integrity 'OipH/2uUn7Q71CsHDdN4agRSF3NFYk2CuAZUwOmrkbG5LTdi10tJFPtidKYUYNPm'. The resource has been blocked. @ https://cms.gctp.in/chennai-gctp:0
[    1623ms] [ERROR] Unrecognized Content-Security-Policy directive 'strict-origin-when-cross-origin'. @ https://cms.gctp.in/chennai-gctp:0
[    1672ms] [ERROR] Failed to find a valid digest in the 'integrity' attribute for resource 'https://cms.gctp.in/popper.min.js' with computed SHA-384 integrity 'rn0XrCNfhQuw2/tzfv4cvBHjPnljfEYSGlYLk2VmCk0ts82JdJvQ72xx/nV/XJcB'. The resource has been blocked. @ https://cms.gctp.in/chennai-gctp:0
[    1759ms] [ERROR] Failed to load resource: the server responded with a status of 404 (Not Found) @ https://cms.gctp.in/bootstap.min.js:0
[    4563ms] [ERROR] Mixed Content: The page at 'https://cms.gctp.in/chennai-gctp' was loaded over HTTPS, but attempted to connect to the insecure WebSocket endpoint 'ws://cms.gctp.in:6067/socket.io/?EIO=4&transport=websocket'. This request has been blocked; this endpoint must be available over WSS. @ https://cms.gctp.in/static/js/main.024e1cf5.js:1
[    4798ms] [LOG] [, chennai-gctp] @ https://cms.gctp.in/static/js/main.024e1cf5.js:125
[    4905ms] [VERBOSE] [DOM] Password field is not contained in a form: (More info: https://goo.gl/9p2vKq) %o @ https://cms.gctp.in/chennai-gctp:0
[   25754ms] [ERROR] Mixed Content: The page at 'https://cms.gctp.in/chennai-gctp' was loaded over HTTPS, but attempted to connect to the insecure WebSocket endpoint 'ws://cms.gctp.in:6067/socket.io/?EIO=4&transport=websocket'. This request has been blocked; this endpoint must be available over WSS. @ https://cms.gctp.in/static/js/main.024e1cf5.js:1
[   47687ms] [ERROR] Mixed Content: The page at 'https://cms.gctp.in/chennai-gctp' was loaded over HTTPS, but attempted to connect to the insecure WebSocket endpoint 'ws://cms.gctp.in:6067/socket.io/?EIO=4&transport=websocket'. This request has been blocked; this endpoint must be available over WSS. @ https://cms.gctp.in/static/js/main.024e1cf5.js:1
[   71667ms] [ERROR] Mixed Content: The page at 'https://cms.gctp.in/chennai-gctp' was loaded over HTTPS, but attempted to connect to the insecure WebSocket endpoint 'ws://cms.gctp.in:6067/socket.io/?EIO=4&transport=websocket'. This request has been blocked; this endpoint must be available over WSS. @ https://cms.gctp.in/static/js/main.024e1cf5.js:1
[   96695ms] [ERROR] Mixed Content: The page at 'https://cms.gctp.in/chennai-gctp' was loaded over HTTPS, but attempted to connect to the insecure WebSocket endpoint 'ws://cms.gctp.in:6067/socket.io/?EIO=4&transport=websocket'. This request has been blocked; this endpoint must be available over WSS. @ https://cms.gctp.in/static/js/main.024e1cf5.js:1
[  121709ms] [ERROR] Mixed Content: The page at 'https://cms.gctp.in/chennai-gctp' was loaded over HTTPS, but attempted to connect to the insecure WebSocket endpoint 'ws://cms.gctp.in:6067/socket.io/?EIO=4&transport=websocket'. This request has been blocked; this endpoint must be available over WSS. @ https://cms.gctp.in/static/js/main.024e1cf5.js:1
[  146721ms] [ERROR] Mixed Content: The page at 'https://cms.gctp.in/chennai-gctp' was loaded over HTTPS, but attempted to connect to the insecure WebSocket endpoint 'ws://cms.gctp.in:6067/socket.io/?EIO=4&transport=websocket'. This request has been blocked; this endpoint must be available over WSS. @ https://cms.gctp.in/static/js/main.024e1cf5.js:1
[  171750ms] [ERROR] Mixed Content: The page at 'https://cms.gctp.in/chennai-gctp' was loaded over HTTPS, but attempted to connect to the insecure WebSocket endpoint 'ws://cms.gctp.in:6067/socket.io/?EIO=4&transport=websocket'. This request has been blocked; this endpoint must be available over WSS. @ https://cms.gctp.in/static/js/main.024e1cf5.js:1
[  196781ms] [ERROR] Mixed Content: The page at 'https://cms.gctp.in/chennai-gctp' was loaded over HTTPS, but attempted to connect to the insecure WebSocket endpoint 'ws://cms.gctp.in:6067/socket.io/?EIO=4&transport=websocket'. This request has been blocked; this endpoint must be available over WSS. @ https://cms.gctp.in/static/js/main.024e1cf5.js:1
[  221796ms] [ERROR] Mixed Content: The page at 'https://cms.gctp.in/chennai-gctp' was loaded over HTTPS, but attempted to connect to the insecure WebSocket endpoint 'ws://cms.gctp.in:6067/socket.io/?EIO=4&transport=websocket'. This request has been blocked; this endpoint must be available over WSS. @ https://cms.gctp.in/static/js/main.024e1cf5.js:1
[  246826ms] [ERROR] Mixed Content: The page at 'https://cms.gctp.in/chennai-gctp' was loaded over HTTPS, but attempted to connect to the insecure WebSocket endpoint 'ws://cms.gctp.in:6067/socket.io/?EIO=4&transport=websocket'. This request has been blocked; this endpoint must be available over WSS. @ https://cms.gctp.in/static/js/main.024e1cf5.js:1
[  271855ms] [ERROR] Mixed Content: The page at 'https://cms.gctp.in/chennai-gctp' was loaded over HTTPS, but attempted to connect to the insecure WebSocket endpoint 'ws://cms.gctp.in:6067/socket.io/?EIO=4&transport=websocket'. This request has been blocked; this endpoint must be available over WSS. @ https://cms.gctp.in/static/js/main.024e1cf5.js:1
[  296884ms] [ERROR] Mixed Content: The page at 'https://cms.gctp.in/chennai-gctp' was loaded over HTTPS, but attempted to connect to the insecure WebSocket endpoint 'ws://cms.gctp.in:6067/socket.io/?EIO=4&transport=websocket'. This request has been blocked; this endpoint must be available over WSS. @ https://cms.gctp.in/static/js/main.024e1cf5.js:1
