[     120ms] [ERROR] Failed to load resource: the server responded with a status of 404 (Not Found) @ https://cms.gctp.in/plugins/plotly.js:0
[     203ms] [ERROR] Failed to find a valid digest in the 'integrity' attribute for resource 'https://cms.gctp.in/plot.min.js' with computed SHA-384 integrity 'OipH/2uUn7Q71CsHDdN4agRSF3NFYk2CuAZUwOmrkbG5LTdi10tJFPtidKYUYNPm'. The resource has been blocked. @ https://cms.gctp.in/:0
[     204ms] [ERROR] Unrecognized Content-Security-Policy directive 'strict-origin-when-cross-origin'. @ https://cms.gctp.in/:0
[     212ms] [ERROR] Failed to load resource: the server responded with a status of 404 (Not Found) @ https://cms.gctp.in/static/js/main.b981b00a.js:0
[     217ms] [ERROR] Failed to find a valid digest in the 'integrity' attribute for resource 'https://cms.gctp.in/popper.min.js' with computed SHA-384 integrity 'rn0XrCNfhQuw2/tzfv4cvBHjPnljfEYSGlYLk2VmCk0ts82JdJvQ72xx/nV/XJcB'. The resource has been blocked. @ https://cms.gctp.in/:0
[     219ms] [ERROR] Failed to load resource: the server responded with a status of 404 (Not Found) @ https://cms.gctp.in/bootstap.min.js:0
[    5757ms] [ERROR] Failed to load resource: the server responded with a status of 404 (Not Found) @ https://cms.gctp.in/plugins/plotly.js:0
[    5758ms] [ERROR] Failed to find a valid digest in the 'integrity' attribute for resource 'https://cms.gctp.in/plot.min.js' with computed SHA-384 integrity 'OipH/2uUn7Q71CsHDdN4agRSF3NFYk2CuAZUwOmrkbG5LTdi10tJFPtidKYUYNPm'. The resource has been blocked. @ https://cms.gctp.in/:0
[    5759ms] [ERROR] Unrecognized Content-Security-Policy directive 'strict-origin-when-cross-origin'. @ https://cms.gctp.in/:0
[    5760ms] [ERROR] Failed to find a valid digest in the 'integrity' attribute for resource 'https://cms.gctp.in/popper.min.js' with computed SHA-384 integrity 'rn0XrCNfhQuw2/tzfv4cvBHjPnljfEYSGlYLk2VmCk0ts82JdJvQ72xx/nV/XJcB'. The resource has been blocked. @ https://cms.gctp.in/:0
[    5762ms] [ERROR] Failed to load resource: the server responded with a status of 404 (Not Found) @ https://cms.gctp.in/static/js/main.b981b00a.js:0
[    5762ms] [ERROR] Failed to load resource: the server responded with a status of 404 (Not Found) @ https://cms.gctp.in/bootstap.min.js:0
[    6724ms] [ERROR] Failed to load resource: the server responded with a status of 404 (Not Found) @ https://cms.gctp.in/plugins/plotly.js:0
[    6724ms] [ERROR] Failed to find a valid digest in the 'integrity' attribute for resource 'https://cms.gctp.in/plot.min.js' with computed SHA-384 integrity 'OipH/2uUn7Q71CsHDdN4agRSF3NFYk2CuAZUwOmrkbG5LTdi10tJFPtidKYUYNPm'. The resource has been blocked. @ https://cms.gctp.in/:0
[    6725ms] [ERROR] Unrecognized Content-Security-Policy directive 'strict-origin-when-cross-origin'. @ https://cms.gctp.in/:0
[    6726ms] [ERROR] Failed to find a valid digest in the 'integrity' attribute for resource 'https://cms.gctp.in/popper.min.js' with computed SHA-384 integrity 'rn0XrCNfhQuw2/tzfv4cvBHjPnljfEYSGlYLk2VmCk0ts82JdJvQ72xx/nV/XJcB'. The resource has been blocked. @ https://cms.gctp.in/:0
[    6727ms] [ERROR] Failed to load resource: the server responded with a status of 404 (Not Found) @ https://cms.gctp.in/static/js/main.b981b00a.js:0
[    6729ms] [ERROR] Failed to load resource: the server responded with a status of 404 (Not Found) @ https://cms.gctp.in/bootstap.min.js:0
[    7861ms] [ERROR] Failed to load resource: the server responded with a status of 404 (Not Found) @ https://cms.gctp.in/plugins/plotly.js:0
[    7861ms] [ERROR] Failed to find a valid digest in the 'integrity' attribute for resource 'https://cms.gctp.in/plot.min.js' with computed SHA-384 integrity 'OipH/2uUn7Q71CsHDdN4agRSF3NFYk2CuAZUwOmrkbG5LTdi10tJFPtidKYUYNPm'. The resource has been blocked. @ https://cms.gctp.in/:0
[    7864ms] [ERROR] Unrecognized Content-Security-Policy directive 'strict-origin-when-cross-origin'. @ https://cms.gctp.in/:0
[    7865ms] [ERROR] Failed to find a valid digest in the 'integrity' attribute for resource 'https://cms.gctp.in/popper.min.js' with computed SHA-384 integrity 'rn0XrCNfhQuw2/tzfv4cvBHjPnljfEYSGlYLk2VmCk0ts82JdJvQ72xx/nV/XJcB'. The resource has been blocked. @ https://cms.gctp.in/:0
[    7868ms] [ERROR] Failed to load resource: the server responded with a status of 404 (Not Found) @ https://cms.gctp.in/static/js/main.b981b00a.js:0
[    7868ms] [ERROR] Failed to load resource: the server responded with a status of 404 (Not Found) @ https://cms.gctp.in/bootstap.min.js:0
[    8271ms] [ERROR] Failed to load resource: the server responded with a status of 404 (Not Found) @ https://cms.gctp.in/plugins/plotly.js:0
[    8271ms] [ERROR] Failed to find a valid digest in the 'integrity' attribute for resource 'https://cms.gctp.in/plot.min.js' with computed SHA-384 integrity 'OipH/2uUn7Q71CsHDdN4agRSF3NFYk2CuAZUwOmrkbG5LTdi10tJFPtidKYUYNPm'. The resource has been blocked. @ https://cms.gctp.in/:0
[    8273ms] [ERROR] Unrecognized Content-Security-Policy directive 'strict-origin-when-cross-origin'. @ https://cms.gctp.in/:0
[    8273ms] [ERROR] Failed to find a valid digest in the 'integrity' attribute for resource 'https://cms.gctp.in/popper.min.js' with computed SHA-384 integrity 'rn0XrCNfhQuw2/tzfv4cvBHjPnljfEYSGlYLk2VmCk0ts82JdJvQ72xx/nV/XJcB'. The resource has been blocked. @ https://cms.gctp.in/:0
[    8276ms] [ERROR] Failed to load resource: the server responded with a status of 404 (Not Found) @ https://cms.gctp.in/static/js/main.b981b00a.js:0
[    8276ms] [ERROR] Failed to load resource: the server responded with a status of 404 (Not Found) @ https://cms.gctp.in/bootstap.min.js:0
[    8476ms] [ERROR] Failed to load resource: the server responded with a status of 404 (Not Found) @ https://cms.gctp.in/plugins/plotly.js:0
[    8476ms] [ERROR] Failed to find a valid digest in the 'integrity' attribute for resource 'https://cms.gctp.in/plot.min.js' with computed SHA-384 integrity 'OipH/2uUn7Q71CsHDdN4agRSF3NFYk2CuAZUwOmrkbG5LTdi10tJFPtidKYUYNPm'. The resource has been blocked. @ https://cms.gctp.in/:0
[    8478ms] [ERROR] Unrecognized Content-Security-Policy directive 'strict-origin-when-cross-origin'. @ https://cms.gctp.in/:0
[    8478ms] [ERROR] Failed to find a valid digest in the 'integrity' attribute for resource 'https://cms.gctp.in/popper.min.js' with computed SHA-384 integrity 'rn0XrCNfhQuw2/tzfv4cvBHjPnljfEYSGlYLk2VmCk0ts82JdJvQ72xx/nV/XJcB'. The resource has been blocked. @ https://cms.gctp.in/:0
[    8479ms] [ERROR] Failed to load resource: the server responded with a status of 404 (Not Found) @ https://cms.gctp.in/static/js/main.b981b00a.js:0
[    8480ms] [ERROR] Failed to load resource: the server responded with a status of 404 (Not Found) @ https://cms.gctp.in/bootstap.min.js:0
[    8731ms] [ERROR] Failed to load resource: the server responded with a status of 404 (Not Found) @ https://cms.gctp.in/plugins/plotly.js:0
[    8732ms] [ERROR] Failed to find a valid digest in the 'integrity' attribute for resource 'https://cms.gctp.in/plot.min.js' with computed SHA-384 integrity 'OipH/2uUn7Q71CsHDdN4agRSF3NFYk2CuAZUwOmrkbG5LTdi10tJFPtidKYUYNPm'. The resource has been blocked. @ https://cms.gctp.in/:0
[    8733ms] [ERROR] Unrecognized Content-Security-Policy directive 'strict-origin-when-cross-origin'. @ https://cms.gctp.in/:0
[    8734ms] [ERROR] Failed to find a valid digest in the 'integrity' attribute for resource 'https://cms.gctp.in/popper.min.js' with computed SHA-384 integrity 'rn0XrCNfhQuw2/tzfv4cvBHjPnljfEYSGlYLk2VmCk0ts82JdJvQ72xx/nV/XJcB'. The resource has been blocked. @ https://cms.gctp.in/:0
[    8735ms] [ERROR] Failed to load resource: the server responded with a status of 404 (Not Found) @ https://cms.gctp.in/static/js/main.b981b00a.js:0
[    8736ms] [ERROR] Failed to load resource: the server responded with a status of 404 (Not Found) @ https://cms.gctp.in/bootstap.min.js:0
[    9189ms] [ERROR] Failed to load resource: the server responded with a status of 404 (Not Found) @ https://cms.gctp.in/plugins/plotly.js:0
[    9189ms] [ERROR] Failed to find a valid digest in the 'integrity' attribute for resource 'https://cms.gctp.in/plot.min.js' with computed SHA-384 integrity 'OipH/2uUn7Q71CsHDdN4agRSF3NFYk2CuAZUwOmrkbG5LTdi10tJFPtidKYUYNPm'. The resource has been blocked. @ https://cms.gctp.in/:0
[    9191ms] [ERROR] Unrecognized Content-Security-Policy directive 'strict-origin-when-cross-origin'. @ https://cms.gctp.in/:0
[    9192ms] [ERROR] Failed to find a valid digest in the 'integrity' attribute for resource 'https://cms.gctp.in/popper.min.js' with computed SHA-384 integrity 'rn0XrCNfhQuw2/tzfv4cvBHjPnljfEYSGlYLk2VmCk0ts82JdJvQ72xx/nV/XJcB'. The resource has been blocked. @ https://cms.gctp.in/:0
[    9195ms] [ERROR] Failed to load resource: the server responded with a status of 404 (Not Found) @ https://cms.gctp.in/static/js/main.b981b00a.js:0
[    9195ms] [ERROR] Failed to load resource: the server responded with a status of 404 (Not Found) @ https://cms.gctp.in/bootstap.min.js:0
[    9421ms] [ERROR] Failed to load resource: the server responded with a status of 404 (Not Found) @ https://cms.gctp.in/plugins/plotly.js:0
[    9421ms] [ERROR] Failed to find a valid digest in the 'integrity' attribute for resource 'https://cms.gctp.in/plot.min.js' with computed SHA-384 integrity 'OipH/2uUn7Q71CsHDdN4agRSF3NFYk2CuAZUwOmrkbG5LTdi10tJFPtidKYUYNPm'. The resource has been blocked. @ https://cms.gctp.in/:0
[    9423ms] [ERROR] Unrecognized Content-Security-Policy directive 'strict-origin-when-cross-origin'. @ https://cms.gctp.in/:0
[    9423ms] [ERROR] Failed to find a valid digest in the 'integrity' attribute for resource 'https://cms.gctp.in/popper.min.js' with computed SHA-384 integrity 'rn0XrCNfhQuw2/tzfv4cvBHjPnljfEYSGlYLk2VmCk0ts82JdJvQ72xx/nV/XJcB'. The resource has been blocked. @ https://cms.gctp.in/:0
[    9425ms] [ERROR] Failed to load resource: the server responded with a status of 404 (Not Found) @ https://cms.gctp.in/static/js/main.b981b00a.js:0
[    9425ms] [ERROR] Failed to load resource: the server responded with a status of 404 (Not Found) @ https://cms.gctp.in/bootstap.min.js:0
[    9792ms] [ERROR] Failed to load resource: the server responded with a status of 404 (Not Found) @ https://cms.gctp.in/plugins/plotly.js:0
[    9792ms] [ERROR] Failed to find a valid digest in the 'integrity' attribute for resource 'https://cms.gctp.in/plot.min.js' with computed SHA-384 integrity 'OipH/2uUn7Q71CsHDdN4agRSF3NFYk2CuAZUwOmrkbG5LTdi10tJFPtidKYUYNPm'. The resource has been blocked. @ https://cms.gctp.in/:0
[    9794ms] [ERROR] Unrecognized Content-Security-Policy directive 'strict-origin-when-cross-origin'. @ https://cms.gctp.in/:0
[    9794ms] [ERROR] Failed to find a valid digest in the 'integrity' attribute for resource 'https://cms.gctp.in/popper.min.js' with computed SHA-384 integrity 'rn0XrCNfhQuw2/tzfv4cvBHjPnljfEYSGlYLk2VmCk0ts82JdJvQ72xx/nV/XJcB'. The resource has been blocked. @ https://cms.gctp.in/:0
[    9796ms] [ERROR] Failed to load resource: the server responded with a status of 404 (Not Found) @ https://cms.gctp.in/static/js/main.b981b00a.js:0
[    9796ms] [ERROR] Failed to load resource: the server responded with a status of 404 (Not Found) @ https://cms.gctp.in/bootstap.min.js:0
[   10020ms] [ERROR] Failed to load resource: the server responded with a status of 404 (Not Found) @ https://cms.gctp.in/plugins/plotly.js:0
[   10020ms] [ERROR] Failed to find a valid digest in the 'integrity' attribute for resource 'https://cms.gctp.in/plot.min.js' with computed SHA-384 integrity 'OipH/2uUn7Q71CsHDdN4agRSF3NFYk2CuAZUwOmrkbG5LTdi10tJFPtidKYUYNPm'. The resource has been blocked. @ https://cms.gctp.in/:0
[   10022ms] [ERROR] Unrecognized Content-Security-Policy directive 'strict-origin-when-cross-origin'. @ https://cms.gctp.in/:0
[   10022ms] [ERROR] Failed to find a valid digest in the 'integrity' attribute for resource 'https://cms.gctp.in/popper.min.js' with computed SHA-384 integrity 'rn0XrCNfhQuw2/tzfv4cvBHjPnljfEYSGlYLk2VmCk0ts82JdJvQ72xx/nV/XJcB'. The resource has been blocked. @ https://cms.gctp.in/:0
[   10025ms] [ERROR] Failed to load resource: the server responded with a status of 404 (Not Found) @ https://cms.gctp.in/static/js/main.b981b00a.js:0
[   10025ms] [ERROR] Failed to load resource: the server responded with a status of 404 (Not Found) @ https://cms.gctp.in/bootstap.min.js:0
[   10232ms] [ERROR] Failed to load resource: the server responded with a status of 404 (Not Found) @ https://cms.gctp.in/plugins/plotly.js:0
[   10232ms] [ERROR] Failed to find a valid digest in the 'integrity' attribute for resource 'https://cms.gctp.in/plot.min.js' with computed SHA-384 integrity 'OipH/2uUn7Q71CsHDdN4agRSF3NFYk2CuAZUwOmrkbG5LTdi10tJFPtidKYUYNPm'. The resource has been blocked. @ https://cms.gctp.in/:0
[   10235ms] [ERROR] Unrecognized Content-Security-Policy directive 'strict-origin-when-cross-origin'. @ https://cms.gctp.in/:0
[   10235ms] [ERROR] Failed to find a valid digest in the 'integrity' attribute for resource 'https://cms.gctp.in/popper.min.js' with computed SHA-384 integrity 'rn0XrCNfhQuw2/tzfv4cvBHjPnljfEYSGlYLk2VmCk0ts82JdJvQ72xx/nV/XJcB'. The resource has been blocked. @ https://cms.gctp.in/:0
[   10237ms] [ERROR] Failed to load resource: the server responded with a status of 404 (Not Found) @ https://cms.gctp.in/static/js/main.b981b00a.js:0
[   10237ms] [ERROR] Failed to load resource: the server responded with a status of 404 (Not Found) @ https://cms.gctp.in/bootstap.min.js:0
[   10454ms] [ERROR] Failed to load resource: the server responded with a status of 404 (Not Found) @ https://cms.gctp.in/plugins/plotly.js:0
[   10454ms] [ERROR] Failed to find a valid digest in the 'integrity' attribute for resource 'https://cms.gctp.in/plot.min.js' with computed SHA-384 integrity 'OipH/2uUn7Q71CsHDdN4agRSF3NFYk2CuAZUwOmrkbG5LTdi10tJFPtidKYUYNPm'. The resource has been blocked. @ https://cms.gctp.in/:0
[   10456ms] [ERROR] Unrecognized Content-Security-Policy directive 'strict-origin-when-cross-origin'. @ https://cms.gctp.in/:0
[   10456ms] [ERROR] Failed to find a valid digest in the 'integrity' attribute for resource 'https://cms.gctp.in/popper.min.js' with computed SHA-384 integrity 'rn0XrCNfhQuw2/tzfv4cvBHjPnljfEYSGlYLk2VmCk0ts82JdJvQ72xx/nV/XJcB'. The resource has been blocked. @ https://cms.gctp.in/:0
[   10458ms] [ERROR] Failed to load resource: the server responded with a status of 404 (Not Found) @ https://cms.gctp.in/static/js/main.b981b00a.js:0
[   10458ms] [ERROR] Failed to load resource: the server responded with a status of 404 (Not Found) @ https://cms.gctp.in/bootstap.min.js:0
[   10656ms] [ERROR] Failed to load resource: the server responded with a status of 404 (Not Found) @ https://cms.gctp.in/plugins/plotly.js:0
[   10657ms] [ERROR] Failed to find a valid digest in the 'integrity' attribute for resource 'https://cms.gctp.in/plot.min.js' with computed SHA-384 integrity 'OipH/2uUn7Q71CsHDdN4agRSF3NFYk2CuAZUwOmrkbG5LTdi10tJFPtidKYUYNPm'. The resource has been blocked. @ https://cms.gctp.in/:0
[   10658ms] [ERROR] Unrecognized Content-Security-Policy directive 'strict-origin-when-cross-origin'. @ https://cms.gctp.in/:0
[   10659ms] [ERROR] Failed to find a valid digest in the 'integrity' attribute for resource 'https://cms.gctp.in/popper.min.js' with computed SHA-384 integrity 'rn0XrCNfhQuw2/tzfv4cvBHjPnljfEYSGlYLk2VmCk0ts82JdJvQ72xx/nV/XJcB'. The resource has been blocked. @ https://cms.gctp.in/:0
[   10661ms] [ERROR] Failed to load resource: the server responded with a status of 404 (Not Found) @ https://cms.gctp.in/static/js/main.b981b00a.js:0
[   10661ms] [ERROR] Failed to load resource: the server responded with a status of 404 (Not Found) @ https://cms.gctp.in/bootstap.min.js:0
[   10883ms] [ERROR] Failed to load resource: the server responded with a status of 404 (Not Found) @ https://cms.gctp.in/plugins/plotly.js:0
[   10884ms] [ERROR] Failed to find a valid digest in the 'integrity' attribute for resource 'https://cms.gctp.in/plot.min.js' with computed SHA-384 integrity 'OipH/2uUn7Q71CsHDdN4agRSF3NFYk2CuAZUwOmrkbG5LTdi10tJFPtidKYUYNPm'. The resource has been blocked. @ https://cms.gctp.in/:0
[   10885ms] [ERROR] Unrecognized Content-Security-Policy directive 'strict-origin-when-cross-origin'. @ https://cms.gctp.in/:0
[   10886ms] [ERROR] Failed to find a valid digest in the 'integrity' attribute for resource 'https://cms.gctp.in/popper.min.js' with computed SHA-384 integrity 'rn0XrCNfhQuw2/tzfv4cvBHjPnljfEYSGlYLk2VmCk0ts82JdJvQ72xx/nV/XJcB'. The resource has been blocked. @ https://cms.gctp.in/:0
[   10887ms] [ERROR] Failed to load resource: the server responded with a status of 404 (Not Found) @ https://cms.gctp.in/static/js/main.b981b00a.js:0
[   10887ms] [ERROR] Failed to load resource: the server responded with a status of 404 (Not Found) @ https://cms.gctp.in/bootstap.min.js:0
[   11084ms] [ERROR] Failed to load resource: the server responded with a status of 404 (Not Found) @ https://cms.gctp.in/plugins/plotly.js:0
[   11084ms] [ERROR] Failed to find a valid digest in the 'integrity' attribute for resource 'https://cms.gctp.in/plot.min.js' with computed SHA-384 integrity 'OipH/2uUn7Q71CsHDdN4agRSF3NFYk2CuAZUwOmrkbG5LTdi10tJFPtidKYUYNPm'. The resource has been blocked. @ https://cms.gctp.in/:0
[   11085ms] [ERROR] Unrecognized Content-Security-Policy directive 'strict-origin-when-cross-origin'. @ https://cms.gctp.in/:0
[   11086ms] [ERROR] Failed to find a valid digest in the 'integrity' attribute for resource 'https://cms.gctp.in/popper.min.js' with computed SHA-384 integrity 'rn0XrCNfhQuw2/tzfv4cvBHjPnljfEYSGlYLk2VmCk0ts82JdJvQ72xx/nV/XJcB'. The resource has been blocked. @ https://cms.gctp.in/:0
[   11087ms] [ERROR] Failed to load resource: the server responded with a status of 404 (Not Found) @ https://cms.gctp.in/static/js/main.b981b00a.js:0
[   11087ms] [ERROR] Failed to load resource: the server responded with a status of 404 (Not Found) @ https://cms.gctp.in/bootstap.min.js:0
[   11278ms] [ERROR] Failed to load resource: the server responded with a status of 404 (Not Found) @ https://cms.gctp.in/plugins/plotly.js:0
[   11278ms] [ERROR] Failed to find a valid digest in the 'integrity' attribute for resource 'https://cms.gctp.in/plot.min.js' with computed SHA-384 integrity 'OipH/2uUn7Q71CsHDdN4agRSF3NFYk2CuAZUwOmrkbG5LTdi10tJFPtidKYUYNPm'. The resource has been blocked. @ https://cms.gctp.in/:0
[   11280ms] [ERROR] Unrecognized Content-Security-Policy directive 'strict-origin-when-cross-origin'. @ https://cms.gctp.in/:0
[   11281ms] [ERROR] Failed to find a valid digest in the 'integrity' attribute for resource 'https://cms.gctp.in/popper.min.js' with computed SHA-384 integrity 'rn0XrCNfhQuw2/tzfv4cvBHjPnljfEYSGlYLk2VmCk0ts82JdJvQ72xx/nV/XJcB'. The resource has been blocked. @ https://cms.gctp.in/:0
[   11282ms] [ERROR] Failed to load resource: the server responded with a status of 404 (Not Found) @ https://cms.gctp.in/static/js/main.b981b00a.js:0
[   11283ms] [ERROR] Failed to load resource: the server responded with a status of 404 (Not Found) @ https://cms.gctp.in/bootstap.min.js:0
[   11489ms] [ERROR] Failed to load resource: the server responded with a status of 404 (Not Found) @ https://cms.gctp.in/plugins/plotly.js:0
[   11489ms] [ERROR] Failed to find a valid digest in the 'integrity' attribute for resource 'https://cms.gctp.in/plot.min.js' with computed SHA-384 integrity 'OipH/2uUn7Q71CsHDdN4agRSF3NFYk2CuAZUwOmrkbG5LTdi10tJFPtidKYUYNPm'. The resource has been blocked. @ https://cms.gctp.in/:0
[   11491ms] [ERROR] Unrecognized Content-Security-Policy directive 'strict-origin-when-cross-origin'. @ https://cms.gctp.in/:0
[   11491ms] [ERROR] Failed to find a valid digest in the 'integrity' attribute for resource 'https://cms.gctp.in/popper.min.js' with computed SHA-384 integrity 'rn0XrCNfhQuw2/tzfv4cvBHjPnljfEYSGlYLk2VmCk0ts82JdJvQ72xx/nV/XJcB'. The resource has been blocked. @ https://cms.gctp.in/:0
[   11493ms] [ERROR] Failed to load resource: the server responded with a status of 404 (Not Found) @ https://cms.gctp.in/static/js/main.b981b00a.js:0
[   11493ms] [ERROR] Failed to load resource: the server responded with a status of 404 (Not Found) @ https://cms.gctp.in/bootstap.min.js:0
[   11670ms] [ERROR] Failed to load resource: the server responded with a status of 404 (Not Found) @ https://cms.gctp.in/plugins/plotly.js:0
[   11670ms] [ERROR] Failed to find a valid digest in the 'integrity' attribute for resource 'https://cms.gctp.in/plot.min.js' with computed SHA-384 integrity 'OipH/2uUn7Q71CsHDdN4agRSF3NFYk2CuAZUwOmrkbG5LTdi10tJFPtidKYUYNPm'. The resource has been blocked. @ https://cms.gctp.in/:0
[   11672ms] [ERROR] Unrecognized Content-Security-Policy directive 'strict-origin-when-cross-origin'. @ https://cms.gctp.in/:0
[   11672ms] [ERROR] Failed to find a valid digest in the 'integrity' attribute for resource 'https://cms.gctp.in/popper.min.js' with computed SHA-384 integrity 'rn0XrCNfhQuw2/tzfv4cvBHjPnljfEYSGlYLk2VmCk0ts82JdJvQ72xx/nV/XJcB'. The resource has been blocked. @ https://cms.gctp.in/:0
[   11675ms] [ERROR] Failed to load resource: the server responded with a status of 404 (Not Found) @ https://cms.gctp.in/static/js/main.b981b00a.js:0
[   11675ms] [ERROR] Failed to load resource: the server responded with a status of 404 (Not Found) @ https://cms.gctp.in/bootstap.min.js:0
[   11833ms] [ERROR] Failed to load resource: the server responded with a status of 404 (Not Found) @ https://cms.gctp.in/plugins/plotly.js:0
[   11833ms] [ERROR] Failed to find a valid digest in the 'integrity' attribute for resource 'https://cms.gctp.in/plot.min.js' with computed SHA-384 integrity 'OipH/2uUn7Q71CsHDdN4agRSF3NFYk2CuAZUwOmrkbG5LTdi10tJFPtidKYUYNPm'. The resource has been blocked. @ https://cms.gctp.in/:0
[   11835ms] [ERROR] Unrecognized Content-Security-Policy directive 'strict-origin-when-cross-origin'. @ https://cms.gctp.in/:0
[   11835ms] [ERROR] Failed to find a valid digest in the 'integrity' attribute for resource 'https://cms.gctp.in/popper.min.js' with computed SHA-384 integrity 'rn0XrCNfhQuw2/tzfv4cvBHjPnljfEYSGlYLk2VmCk0ts82JdJvQ72xx/nV/XJcB'. The resource has been blocked. @ https://cms.gctp.in/:0
[   11837ms] [ERROR] Failed to load resource: the server responded with a status of 404 (Not Found) @ https://cms.gctp.in/static/js/main.b981b00a.js:0
[   11837ms] [ERROR] Failed to load resource: the server responded with a status of 404 (Not Found) @ https://cms.gctp.in/bootstap.min.js:0
[   11965ms] [ERROR] Failed to load resource: the server responded with a status of 404 (Not Found) @ https://cms.gctp.in/plugins/plotly.js:0
[   11965ms] [ERROR] Failed to find a valid digest in the 'integrity' attribute for resource 'https://cms.gctp.in/plot.min.js' with computed SHA-384 integrity 'OipH/2uUn7Q71CsHDdN4agRSF3NFYk2CuAZUwOmrkbG5LTdi10tJFPtidKYUYNPm'. The resource has been blocked. @ https://cms.gctp.in/:0
[   11967ms] [ERROR] Unrecognized Content-Security-Policy directive 'strict-origin-when-cross-origin'. @ https://cms.gctp.in/:0
[   11968ms] [ERROR] Failed to find a valid digest in the 'integrity' attribute for resource 'https://cms.gctp.in/popper.min.js' with computed SHA-384 integrity 'rn0XrCNfhQuw2/tzfv4cvBHjPnljfEYSGlYLk2VmCk0ts82JdJvQ72xx/nV/XJcB'. The resource has been blocked. @ https://cms.gctp.in/:0
[   11970ms] [ERROR] Failed to load resource: the server responded with a status of 404 (Not Found) @ https://cms.gctp.in/static/js/main.b981b00a.js:0
[   11970ms] [ERROR] Failed to load resource: the server responded with a status of 404 (Not Found) @ https://cms.gctp.in/bootstap.min.js:0
[   12308ms] [ERROR] Failed to load resource: the server responded with a status of 404 (Not Found) @ https://cms.gctp.in/plugins/plotly.js:0
[   12308ms] [ERROR] Failed to find a valid digest in the 'integrity' attribute for resource 'https://cms.gctp.in/plot.min.js' with computed SHA-384 integrity 'OipH/2uUn7Q71CsHDdN4agRSF3NFYk2CuAZUwOmrkbG5LTdi10tJFPtidKYUYNPm'. The resource has been blocked. @ https://cms.gctp.in/:0
[   12310ms] [ERROR] Unrecognized Content-Security-Policy directive 'strict-origin-when-cross-origin'. @ https://cms.gctp.in/:0
[   12311ms] [ERROR] Failed to find a valid digest in the 'integrity' attribute for resource 'https://cms.gctp.in/popper.min.js' with computed SHA-384 integrity 'rn0XrCNfhQuw2/tzfv4cvBHjPnljfEYSGlYLk2VmCk0ts82JdJvQ72xx/nV/XJcB'. The resource has been blocked. @ https://cms.gctp.in/:0
[   12315ms] [ERROR] Failed to load resource: the server responded with a status of 404 (Not Found) @ https://cms.gctp.in/static/js/main.b981b00a.js:0
[   12316ms] [ERROR] Failed to load resource: the server responded with a status of 404 (Not Found) @ https://cms.gctp.in/bootstap.min.js:0
[   12520ms] [ERROR] Failed to load resource: the server responded with a status of 404 (Not Found) @ https://cms.gctp.in/plugins/plotly.js:0
[   12520ms] [ERROR] Failed to find a valid digest in the 'integrity' attribute for resource 'https://cms.gctp.in/plot.min.js' with computed SHA-384 integrity 'OipH/2uUn7Q71CsHDdN4agRSF3NFYk2CuAZUwOmrkbG5LTdi10tJFPtidKYUYNPm'. The resource has been blocked. @ https://cms.gctp.in/:0
[   12521ms] [ERROR] Unrecognized Content-Security-Policy directive 'strict-origin-when-cross-origin'. @ https://cms.gctp.in/:0
[   12521ms] [ERROR] Failed to find a valid digest in the 'integrity' attribute for resource 'https://cms.gctp.in/popper.min.js' with computed SHA-384 integrity 'rn0XrCNfhQuw2/tzfv4cvBHjPnljfEYSGlYLk2VmCk0ts82JdJvQ72xx/nV/XJcB'. The resource has been blocked. @ https://cms.gctp.in/:0
[   12524ms] [ERROR] Failed to load resource: the server responded with a status of 404 (Not Found) @ https://cms.gctp.in/static/js/main.b981b00a.js:0
[   12524ms] [ERROR] Failed to load resource: the server responded with a status of 404 (Not Found) @ https://cms.gctp.in/bootstap.min.js:0
